core strategy analysis: 027
example_path=example\hackathon
workspace_path=workspace\027-全村的希望-fd28f325c70f
result_path=strategy\027-全村的希望-fd28f325c70f.log
static inspection only; submission code was not executed, dependencies were not installed, and URLs were not accessed
[核心结论]
Primary pipeline: requirements are compiled into frozen .haiknow contracts and module plans, then a single coding thread executes staged prompts with tools, checks, and bounded repair. RAG was not found in inspected repository content. Code reuse is present through template/skills copying and retaining the incremental workspace.
[绛栫暐娓呭崟]
分析覆盖：RAG/RETRIEVAL=已检查；PREPARED-KNOWLEDGE=已检查；CODE-REUSE=已检查；PROMPT-ORCHESTRATION=已检查；MODEL-ROUTING=已检查；TOOLS/EXECUTION=已检查；ITERATION/EVALUATION=已检查；STATE/PERSISTENCE=已检查
RAG and code-reuse conclusion: no vector, embedding, lexical, keyword, or similarity retrieval component was found; reuse is limited to copied templates/skills and existing workspace assets.
STRATEGY-001 [PROMPT-ORCHESTRATION] Frozen contract compilation and staged single-thread implementation
  - 状态：
    1. 具体说明：confirmed: frozen contracts and staged prompts define the primary generation pipeline.
    2. 代码/文档定位：agent/agent/main.py:421
    3. 详细解释：The cited implementation connects this stage to downstream generation: inputs are selected or prepared, passed through prompts or tools, and materialized as checked workspace artifacts. Static inspection found no retrieval index or similarity search, while template and skill copying explains the reuse signal.
  - 作用：
    1. 具体说明：confirmed: ROOT modules and acceptance indexes supply task-scoped inputs.
    2. 代码/文档定位：agent/agent/main.py:303
    3. 详细解释：The cited implementation connects this stage to downstream generation: inputs are selected or prepared, passed through prompts or tools, and materialized as checked workspace artifacts. Static inspection found no retrieval index or similarity search, while template and skill copying explains the reuse signal.
  - 输入/知识源：
    1. 具体说明：confirmed: templates, skills, and .haiknow artifacts are prepared knowledge.
    2. 代码/文档定位：agent/agent/HAIKNOW-LITE.md:1
    3. 详细解释：The cited implementation connects this stage to downstream generation: inputs are selected or prepared, passed through prompts or tools, and materialized as checked workspace artifacts. Static inspection found no retrieval index or similarity search, while template and skill copying explains the reuse signal.
  - 选择/检索：
    1. 具体说明：confirmed: module rounds and one coding thread select and sequence context.
    2. 代码/文档定位：agent/agent/main.py:350
    3. 详细解释：The cited implementation connects this stage to downstream generation: inputs are selected or prepared, passed through prompts or tools, and materialized as checked workspace artifacts. Static inspection found no retrieval index or similarity search, while template and skill copying explains the reuse signal.
  - 生成/使用：
    1. 具体说明：confirmed: filesystem, editing, checking, and visual transport tools are invoked through adapters.
    2. 代码/文档定位：agent/agent/agents/model/visual_transport.py:474
    3. 详细解释：The cited implementation connects this stage to downstream generation: inputs are selected or prepared, passed through prompts or tools, and materialized as checked workspace artifacts. Static inspection found no retrieval index or similarity search, while template and skill copying explains the reuse signal.
  - 输出：
    1. 具体说明：inferred: chat and visual adapters route roles and combine model-produced artifacts.
    2. 代码/文档定位：agent/agent/agents/model/chat_adapter.py:120
    3. 详细解释：The cited implementation connects this stage to downstream generation: inputs are selected or prepared, passed through prompts or tools, and materialized as checked workspace artifacts. Static inspection found no retrieval index or similarity search, while template and skill copying explains the reuse signal.
[鏈彂鐜版垨鏈В鍐砞
- RAG: no retrieval implementation was found in the inspected repository content.
- Prepared knowledge and code reuse are evidenced by the frozen contract, templates, skills, and retained incremental workspace.
鍒嗘瀽瀹屾垚
