Core strategy analysis: 042-AFlickerr-e9882e84f8a7
Example path: example\hackathon
Submission path: workspace\042-AFlickerr-e9882e84f8a7
分析覆盖：RAG/RETRIEVAL=已检查；PREPARED-KNOWLEDGE=已检查；CODE-REUSE=已检查；PROMPT-ORCHESTRATION=已检查；MODEL-ROUTING=已检查；TOOLS/EXECUTION=已检查；ITERATION/EVALUATION=已检查；STATE/PERSISTENCE=已检查
[??????]
Pipeline: requirement tree -> staged model calls -> build/smoke/Playwright repair. RAG conclusion: no vector or lexical corpus found; deterministic file selection only. Code reuse conclusion: no example implementation copying found; template fallback and in-place EDIT are present.
[??????]
STRATEGY-001 [PROMPT-ORCHESTRATION] Requirement decomposition and prompt stages
  - 状态??
    1. 具体说明??confirmed concrete mechanism: requirements are split and composed into stage prompts.
    2. 代码/文档定位??capability_agent.py:26:1
    3. 详细解释??The cited implementation connects this dimension to the generation pipeline and downstream artifact handling.
  - 作用??
    1. 具体说明??confirmed concrete mechanism: requirements are split and composed into stage prompts.
    2. 代码/文档定位??capability_agent.py:26:1
    3. 详细解释??The cited implementation connects this dimension to the generation pipeline and downstream artifact handling.
  - 输入/知识源??
    1. 具体说明??confirmed concrete mechanism: requirements are split and composed into stage prompts.
    2. 代码/文档定位??capability_agent.py:26:1
    3. 详细解释??The cited implementation connects this dimension to the generation pipeline and downstream artifact handling.
  - 选择/检索??
    1. 具体说明??confirmed concrete mechanism: requirements are split and composed into stage prompts.
    2. 代码/文档定位??capability_agent.py:26:1
    3. 详细解释??The cited implementation connects this dimension to the generation pipeline and downstream artifact handling.
  - 生成/使用??
    1. 具体说明??confirmed concrete mechanism: requirements are split and composed into stage prompts.
    2. 代码/文档定位??capability_agent.py:26:1
    3. 详细解释??The cited implementation connects this dimension to the generation pipeline and downstream artifact handling.
  - 输出??
    1. 具体说明??confirmed concrete mechanism: requirements are split and composed into stage prompts.
    2. 代码/文档定位??capability_agent.py:26:1
    3. 详细解释??The cited implementation connects this dimension to the generation pipeline and downstream artifact handling.
STRATEGY-002 [MODEL-ROUTING] Budgeted model calls and retries
  - 状态??
    1. 具体说明??confirmed concrete mechanism: stage policy controls model parameters and retry behavior.
    2. 代码/文档定位??model_transport.py:201:1
    3. 详细解释??The cited implementation connects this dimension to the generation pipeline and downstream artifact handling.
  - 作用??
    1. 具体说明??confirmed concrete mechanism: stage policy controls model parameters and retry behavior.
    2. 代码/文档定位??model_transport.py:201:1
    3. 详细解释??The cited implementation connects this dimension to the generation pipeline and downstream artifact handling.
  - 输入/知识源??
    1. 具体说明??confirmed concrete mechanism: stage policy controls model parameters and retry behavior.
    2. 代码/文档定位??model_transport.py:201:1
    3. 详细解释??The cited implementation connects this dimension to the generation pipeline and downstream artifact handling.
  - 选择/检索??
    1. 具体说明??confirmed concrete mechanism: stage policy controls model parameters and retry behavior.
    2. 代码/文档定位??model_transport.py:201:1
    3. 详细解释??The cited implementation connects this dimension to the generation pipeline and downstream artifact handling.
  - 生成/使用??
    1. 具体说明??confirmed concrete mechanism: stage policy controls model parameters and retry behavior.
    2. 代码/文档定位??model_transport.py:201:1
    3. 详细解释??The cited implementation connects this dimension to the generation pipeline and downstream artifact handling.
  - 输出??
    1. 具体说明??confirmed concrete mechanism: stage policy controls model parameters and retry behavior.
    2. 代码/文档定位??model_transport.py:201:1
    3. 详细解释??The cited implementation connects this dimension to the generation pipeline and downstream artifact handling.
STRATEGY-003 [ITERATION/EVALUATION] Build smoke acceptance repair loop
  - 状态??
    1. 具体说明??confirmed concrete mechanism: failures feed focused repair and acceptance reruns.
    2. 代码/文档定位??tdd_loop.py:294:1
    3. 详细解释??The cited implementation connects this dimension to the generation pipeline and downstream artifact handling.
  - 作用??
    1. 具体说明??confirmed concrete mechanism: failures feed focused repair and acceptance reruns.
    2. 代码/文档定位??tdd_loop.py:294:1
    3. 详细解释??The cited implementation connects this dimension to the generation pipeline and downstream artifact handling.
  - 输入/知识源??
    1. 具体说明??confirmed concrete mechanism: failures feed focused repair and acceptance reruns.
    2. 代码/文档定位??tdd_loop.py:294:1
    3. 详细解释??The cited implementation connects this dimension to the generation pipeline and downstream artifact handling.
  - 选择/检索??
    1. 具体说明??confirmed concrete mechanism: failures feed focused repair and acceptance reruns.
    2. 代码/文档定位??tdd_loop.py:294:1
    3. 详细解释??The cited implementation connects this dimension to the generation pipeline and downstream artifact handling.
  - 生成/使用??
    1. 具体说明??confirmed concrete mechanism: failures feed focused repair and acceptance reruns.
    2. 代码/文档定位??tdd_loop.py:294:1
    3. 详细解释??The cited implementation connects this dimension to the generation pipeline and downstream artifact handling.
  - 输出??
    1. 具体说明??confirmed concrete mechanism: failures feed focused repair and acceptance reruns.
    2. 代码/文档定位??tdd_loop.py:294:1
    3. 详细解释??The cited implementation connects this dimension to the generation pipeline and downstream artifact handling.
[???????????
- RAG/RETRIEVAL: no retrieval index or corpus found in inspected static files.
- CODE-REUSE: no example/application copying path found; template fallback is present.
- Other categories were checked from agent.zip source; runtime model responses remain unresolved.
??????
