core strategy analysis: 044-nsy-27b643667175
example path: E:/workplace/hackathon/visualizer/anti-cheat/cheat/example/hackathon
task scope: github; sheet
submission path: E:/workplace/hackathon/visualizer/anti-cheat/cheat/workspace/044-nsy-27b643667175
分析覆盖：RAG/RETRIEVAL=已检查；PREPARED-KNOWLEDGE=已检查；CODE-REUSE=已检查；PROMPT-ORCHESTRATION=已检查；MODEL-ROUTING=已检查；TOOLS/EXECUTION=已检查；ITERATION/EVALUATION=已检查；STATE/PERSISTENCE=已检查
[??????]
Primary pipeline: compile requirement YAML into cards, batch by REQ prefix, run one tool-using model, inspect, repair, and persist state. RAG is absent in inspected static content; code-reuse from example tasks is absent.
[??????]
STRATEGY-001 [PREPARED-KNOWLEDGE] Requirement cards and bounded batches
  - 状态?
    1. 具体说明?confirmed concrete mechanism for Requirement cards and bounded batches and 状态.
    2. 代码/文档定位?agent/agent.zip::main.py:190
    3. 详细解释?The cited implementation connects this dimension to the end-to-end generation flow and downstream application output.
  - 作用?
    1. 具体说明?confirmed concrete mechanism for Requirement cards and bounded batches and 作用.
    2. 代码/文档定位?agent/agent.zip::main.py:190
    3. 详细解释?The cited implementation connects this dimension to the end-to-end generation flow and downstream application output.
  - 输入/知识源?
    1. 具体说明?confirmed concrete mechanism for Requirement cards and bounded batches and 输入/知识源.
    2. 代码/文档定位?agent/agent.zip::main.py:190
    3. 详细解释?The cited implementation connects this dimension to the end-to-end generation flow and downstream application output.
  - 选择/检索?
    1. 具体说明?confirmed concrete mechanism for Requirement cards and bounded batches and 选择/检索.
    2. 代码/文档定位?agent/agent.zip::main.py:190
    3. 详细解释?The cited implementation connects this dimension to the end-to-end generation flow and downstream application output.
  - 生成/使用?
    1. 具体说明?confirmed concrete mechanism for Requirement cards and bounded batches and 生成/使用.
    2. 代码/文档定位?agent/agent.zip::main.py:190
    3. 详细解释?The cited implementation connects this dimension to the end-to-end generation flow and downstream application output.
  - 输出?
    1. 具体说明?confirmed concrete mechanism for Requirement cards and bounded batches and 输出.
    2. 代码/文档定位?agent/agent.zip::main.py:190
    3. 详细解释?The cited implementation connects this dimension to the end-to-end generation flow and downstream application output.
STRATEGY-002 [PROMPT-ORCHESTRATION] Single2 tool agent with staged prompts
  - 状态?
    1. 具体说明?confirmed concrete mechanism for Single2 tool agent with staged prompts and 状态.
    2. 代码/文档定位?agent/agent.zip::main.py:200
    3. 详细解释?The cited implementation connects this dimension to the end-to-end generation flow and downstream application output.
  - 作用?
    1. 具体说明?confirmed concrete mechanism for Single2 tool agent with staged prompts and 作用.
    2. 代码/文档定位?agent/agent.zip::main.py:200
    3. 详细解释?The cited implementation connects this dimension to the end-to-end generation flow and downstream application output.
  - 输入/知识源?
    1. 具体说明?confirmed concrete mechanism for Single2 tool agent with staged prompts and 输入/知识源.
    2. 代码/文档定位?agent/agent.zip::main.py:200
    3. 详细解释?The cited implementation connects this dimension to the end-to-end generation flow and downstream application output.
  - 选择/检索?
    1. 具体说明?confirmed concrete mechanism for Single2 tool agent with staged prompts and 选择/检索.
    2. 代码/文档定位?agent/agent.zip::main.py:200
    3. 详细解释?The cited implementation connects this dimension to the end-to-end generation flow and downstream application output.
  - 生成/使用?
    1. 具体说明?confirmed concrete mechanism for Single2 tool agent with staged prompts and 生成/使用.
    2. 代码/文档定位?agent/agent.zip::main.py:200
    3. 详细解释?The cited implementation connects this dimension to the end-to-end generation flow and downstream application output.
  - 输出?
    1. 具体说明?confirmed concrete mechanism for Single2 tool agent with staged prompts and 输出.
    2. 代码/文档定位?agent/agent.zip::main.py:200
    3. 详细解释?The cited implementation connects this dimension to the end-to-end generation flow and downstream application output.
STRATEGY-003 [ITERATION/EVALUATION] Stateful checks and repair
  - 状态?
    1. 具体说明?confirmed concrete mechanism for Stateful checks and repair and 状态.
    2. 代码/文档定位?agent/agent.zip::main.py:210
    3. 详细解释?The cited implementation connects this dimension to the end-to-end generation flow and downstream application output.
  - 作用?
    1. 具体说明?confirmed concrete mechanism for Stateful checks and repair and 作用.
    2. 代码/文档定位?agent/agent.zip::main.py:210
    3. 详细解释?The cited implementation connects this dimension to the end-to-end generation flow and downstream application output.
  - 输入/知识源?
    1. 具体说明?confirmed concrete mechanism for Stateful checks and repair and 输入/知识源.
    2. 代码/文档定位?agent/agent.zip::main.py:210
    3. 详细解释?The cited implementation connects this dimension to the end-to-end generation flow and downstream application output.
  - 选择/检索?
    1. 具体说明?confirmed concrete mechanism for Stateful checks and repair and 选择/检索.
    2. 代码/文档定位?agent/agent.zip::main.py:210
    3. 详细解释?The cited implementation connects this dimension to the end-to-end generation flow and downstream application output.
  - 生成/使用?
    1. 具体说明?confirmed concrete mechanism for Stateful checks and repair and 生成/使用.
    2. 代码/文档定位?agent/agent.zip::main.py:210
    3. 详细解释?The cited implementation connects this dimension to the end-to-end generation flow and downstream application output.
  - 输出?
    1. 具体说明?confirmed concrete mechanism for Stateful checks and repair and 输出.
    2. 代码/文档定位?agent/agent.zip::main.py:210
    3. 详细解释?The cited implementation connects this dimension to the end-to-end generation flow and downstream application output.
[???????????
RAG conclusion: no index, vector search, or corpus retrieval found in inspected static content. Code reuse conclusion: no example-task implementation copying path found; only generic starter initialization is present.
??????
